# 贵金属价格检查日志

## 2026-03-31 10:35:00 - 系统重新启用

**状态**: 已启用贵金属价格跟踪
**检查频率**: 每6小时 (0:00, 6:00, 12:00, 18:00)
**最后成功数据**: 2026-03-28 17:27
**当前价格**:
- 黄金: $4,493.00 (+2.65%)
- 白银: $69.62 (+2.55%)

**问题**:
- ❌ 网络访问受限,无法获取实时价格
- ❌ 外部API(metals.live, Kitco等)无法访问
- ❌ web_search功能不可用

**建议解决方案**:
1. 配置SOCKS5代理: 127.0.0.1:28310
2. 使用国内贵金属价格API:
   - 上海黄金交易所API
   - 中国银行贵金属报价
   - 东方财富贵金属数据
3. 手动价格输入: 如果无法自动获取,用户可手动告知价格

**下次检查时间**: 2026-03-31 12:00

---

## 待办事项

- [ ] 测试代理配置
- [ ] 验证国内API
- [ ] 确认价格提醒推送正常


========================================
检查时间: 2026-04-01 06:25:00 +08:00
状态: ❌ 失败
错误: 网络访问受限 - SSL连接错误 (curl exit code 35)
尝试的数据源: metals.live API
连续失败次数: 4
上次成功数据: 2026-03-28 (黄金$4,493, 白银$69.62)
下次检查: 2026-04-01 12:00:00

========================================
检查时间: 2026-04-01 11:55:00 +08:00
状态: ❌ 失败
错误: 网络访问受限 - SSL/TLS连接错误
尝试的数据源: 
  - metals.live API (curl) - SSL connection error (exit 35)
  - metals.live API (Python) - URLError: TLSV1_UNRECOGNIZED_NAME
连续失败次数: 5
上次成功数据: 2026-03-28 (黄金$4,493, 白银$69.62)
下次检查: 2026-04-01 18:00:00

========================================
检查时间: 2026-04-01 18:03:00 +08:00
状态: ❌ 失败
错误: 网络访问受限 - 所有数据源无法访问
尝试的数据源: metals.live API (curl + web_fetch)
连续失败次数: 6
上次成功数据: 2026-03-28 (黄金$4,493, 白银$69.62)
下次检查: 2026-04-02 00:00:00
