======================================================================
上海海港2023赛季完整数据抓取器 v9.5
基于v9.3成功版本 + 点球识别优化
======================================================================

📋 共 30 场比赛

🗑️  清空旧文件: 30个

[1/30] 2023-04-15
      ✅ Shanghai Port 3-1 Shenzhen Peng City
         ⏰19:35 | 👨‍💼Kevin Muscat | 🎯Ai Kun
[2/30] 2023-04-22
      ✅ Shanghai Port 2-0 Changchun Yatai
         ⏰19:35 | 👨‍💼Kevin Muscat | 🎯Jin Jingyuan
[3/30] 2023-04-26
      ✅ Qingdao West Coast 3-3 Shanghai Port
         ⏰19:00 | 👨‍💼Shao Jiayi | 🎯Shunqi Tang
[4/30] 2023-04-30
      ✅ Shanghai Port 2-1 Meizhou Hakka
         ⏰20:00 | 👨‍💼Kevin Muscat | 🎯Zhang Lei
[5/30] 2023-05-06
      ✅ Shanghai Port 1-1 Shanghai Shen
         ⏰19:35 | 👨‍💼Kevin Muscat | 🎯Ma Ning
[6/30] 2023-05-10
      ✅ Jinmen Tiger 1-4 Shanghai Port
         ⏰18:00 | 👨‍💼Yu Genwei | 🎯Wei Liu
[7/30] 2023-05-14
      ✅ Shanghai Port 1-3 Chengdu Rongcheng
         ⏰19:35 | 👨‍💼Kevin Muscat | 🎯Li Haixin
[8/30] 2023-05-20
      ✅ Yunnan Yukun 2-3 Shanghai Port
         ⏰20:00 | 👨‍💼Jørn Andersen | 🎯Zhen Wei
[9/30] 2023-05-24
      ✅ Shanghai Port 1-2 Beijing Guoan
         ⏰19:35 | 👨‍💼Kevin Muscat | 🎯Zhang Lei
[10/30] 2023-05-29
      ✅ Wuhan Three Towns 0-2 Shanghai Port
         ⏰19:00 | 👨‍💼Deng Zhuoxiang | 🎯Yi Huang
[11/30] 2023-06-03
      ✅ Shanghai Port 3-1 Qingdao Hainiu
         ⏰19:35 | 👨‍💼Kevin Muscat | 🎯Zhen Wei
[12/30] 2023-06-09
      ✅ Shanghai Port 1-1 Shandong Taishan
         ⏰20:00 | 👨‍💼Kevin Muscat | 🎯Jansen Mehmetja..
[13/30] 2023-06-29
      ✅ Zhejiang 2-2 Shanghai Port
         ⏰15:30 | 👨‍💼Raúl Caneda | 🎯Jing Wang
[14/30] 2023-07-03
      ✅ Henan 1-3 Shanghai Port
         ⏰19:35 | 👨‍💼Daniel Ramos | 🎯Jin Jingyuan
[15/30] 2023-07-08
      ✅ Shanghai Port 3-0 Dalian Yingbo
         ⏰19:35 | 👨‍💼Kevin Muscat | 🎯Ai Kun
[16/30] 2023-07-12
      ✅ Shenzhen Peng City 1-2 Shanghai Port
         ⏰20:00 | 👨‍💼Christian Latta.. | 🎯Jansen Mehmetja..
[17/30] 2023-07-16
      ✅ Changchun Yatai 1-3 Shanghai Port
         ⏰16:30 | 👨‍💼Ricardo Soares | 🎯Du Jianxin
[18/30] 2023-07-21
      ✅ Shanghai Port 2-2 Qingdao West Coast
         ⏰19:00 | 👨‍💼Kevin Muscat | 🎯Shengyu Sun
[19/30] 2023-07-29
      ✅ Meizhou Hakka 2-4 Shanghai Port
         ⏰20:00 | 👨‍💼Qu Gang | 🎯Ai Kun
[20/30] 2023-08-03
      ✅ Shanghai Shen 1-2 Shanghai Port
         ⏰19:35 | 👨‍💼Leonid Slutskii | 🎯Taqi Aljaafari
[21/30] 2023-08-08
      ✅ Shanghai Port 4-1 Henan
         ⏰19:35 | 👨‍💼Kevin Muscat | 🎯Tao Wan
[22/30] 2023-08-12
      ✅ Shanghai Port 1-1 Jinmen Tiger
         ⏰19:00 | 👨‍💼Kevin Muscat | 🎯Adham Makhadmeh
[23/30] 2023-08-18
      ✅ Chengdu Rongcheng 4-1 Shanghai Port
         ⏰19:35 | 👨‍💼Seo Jung-won | 🎯Taqi Aljaafari
[24/30] 2023-08-25
      ✅ Shanghai Port 4-2 Yunnan Yukun
         ⏰18:00 | 👨‍💼Kevin Muscat | 🎯Jing Wang
[25/30] 2023-09-15
      ✅ Beijing Guoan 2-3 Shanghai Port
         ⏰18:00 | 👨‍💼Quique Setién | 🎯George King
[26/30] 2023-09-23
      ✅ Shanghai Port 3-2 Wuhan Three Towns
         ⏰20:00 | 👨‍💼Kevin Muscat | 🎯Qi Xing
[27/30] 2023-09-29
      ✅ Qingdao Hainiu 3-4 Shanghai Port
         ⏰18:00 | 👨‍💼Li Xiaopeng | 🎯Jing Wang
[28/30] 2023-10-20
      ✅ Shandong Taishan 3-1 Shanghai Port
         ⏰15:30 | 👨‍💼Han Peng | 🎯Ilgiz Tantashev
[29/30] 2023-10-29
      ✅ Shanghai Port 3-0 Zhejiang
         ⏰18:00 | 👨‍💼Kevin Muscat | 🎯Fu Ming
[30/30] 2023-11-04
      ✅ Dalian Yingbo 0-1 Shanghai Port
         ⏰15:30 | 👨‍💼Li Guoxu | 🎯Kim Heegon

======================================================================
✅ 批量处理完成
======================================================================
✓ 成功: 30 / 30
✓ 事件总数: 515个

📁 保存位置: data/match-reports-2023/

======================================================================

