======================================================================
上海海港2024赛季完整数据抓取器 v9.4
修复：点球进球正确识别为 penalty_goal
======================================================================

📋 共 30 场比赛

[1/30] 2024-03-01
      ✅ Wuhan Three Towns 0-2 Shanghai Port
         ⏰19:35 | 👨‍💼Pedro Morilla | 🎯Zhang Lei
[2/30] 2024-03-09
      ✅ Shanghai Port 3-2 Shenzhen
         ⏰15:30 | 👨‍💼Javier Pereira | 🎯Yige Dai
[3/30] 2024-03-30
      ✅ Cangzhou Lions 0-1 Shanghai Port
         ⏰17:30 | 👨‍💼Zhao Junzhe | 🎯Jansen Mehmetja..
[4/30] 2024-04-05
      ✅ Shanghai Port 1-1 Shanghai Shen
         ⏰19:35 | 👨‍💼Javier Pereira | 🎯Li Haixin
[5/30] 2024-04-09
      ✅ Jinmen Tiger 0-0 Shanghai Port
         ⏰19:35 | 👨‍💼Yu Genwei | 🎯Zhang Long
[6/30] 2024-04-14
      ✅ Shanghai Port 2-1 Qingdao Hainiu
         ⏰19:35 | 👨‍💼Javier Pereira | 🎯Niu Minghui
[7/30] 2024-04-27
      ✅ Zhejiang 1-2 Shanghai Port
         ⏰19:35 | 👨‍💼Jordi Vinyals | 🎯Gao Peng
[8/30] 2024-05-01
      ✅ Meizhou Hakka 0-2 Shanghai Port
         ⏰19:35 | 👨‍💼Milan Ristić | 🎯Yige Dai
[9/30] 2024-05-05
      ✅ Shanghai Port 3-2 Henan
         ⏰19:35 | 👨‍💼Javier Pereira | 🎯Du Jianxin
[10/30] 2024-05-10
      ✅ Changchun Yatai 0-3 Shanghai Port
         ⏰19:35 | 👨‍💼Chen Yang | 🎯Jing Wang
[11/30] 2024-05-18
      ✅ Shanghai Port 0-1 Chengdu Rongcheng
         ⏰17:30 | 👨‍💼Javier Pereira | 🎯Fu Ming
[12/30] 2024-05-22
      ✅ Shanghai Port 2-1 Nantong Zhiyun
         ⏰19:35 | 👨‍💼Javier Pereira | 🎯Li Haixin
[13/30] 2024-05-26
      ✅ Beijing Guoan 1-2 Shanghai Port
         ⏰19:35 | 👨‍💼Ricardo Soares | 🎯Ma Ning
[14/30] 2024-06-14
      ✅ Shandong Taishan 1-1 Shanghai Port
         ⏰19:35 | 👨‍💼Choi Kanghee | 🎯Wang Zhe
[15/30] 2024-06-18
      ✅ Shanghai Port 1-1 Dalian Professional
         ⏰19:35 | 👨‍💼Javier Pereira | 🎯Du Jianxin
[16/30] 2024-06-25
      ✅ Shanghai Port 3-1 Wuhan Three Towns
         ⏰19:35 | 👨‍💼Javier Pereira | 🎯Ma Ning
[17/30] 2024-06-29
      ✅ Shenzhen 1-4 Shanghai Port
         ⏰19:35 | 👨‍💼Jun Xiang | 🎯Jing Wang
[18/30] 2024-07-05
      ✅ Shanghai Port 3-0 Cangzhou Lions
         ⏰19:35 | 👨‍💼Javier Pereira | 🎯Yige Dai
[19/30] 2024-07-12
      ✅ Shanghai Shen 0-5 Shanghai Port
         ⏰19:35 | 👨‍💼Wu Jingui | 🎯Jansen Mehmetja..
[20/30] 2024-07-21
      ✅ Shanghai Port 2-1 Jinmen Tiger
         ⏰19:35 | 👨‍💼Javier Pereira | 🎯Du Jianxin
[21/30] 2024-07-26
      ✅ Qingdao Hainiu 0-5 Shanghai Port
         ⏰19:35 | 👨‍💼Antonio Gómez-C.. | 🎯Ma Li
[22/30] 2024-08-03
      ✅ Shanghai Port 3-4 Zhejiang
         ⏰19:35 | 👨‍💼Javier Pereira | 🎯Zhang Long
[23/30] 2024-08-09
      ✅ Shanghai Port 1-1 Meizhou Hakka
         ⏰19:35 | 👨‍💼Javier Pereira | 🎯Shunqi Tang
[24/30] 2024-08-17
      ✅ Henan 3-1 Shanghai Port
         ⏰19:35 | 👨‍💼Sergio Diaz | 🎯Ma Li
[25/30] 2024-09-13
      ✅ Shanghai Port 2-0 Changchun Yatai
         ⏰19:35 | 👨‍💼Javier Pereira | 🎯Zhang Lei
[26/30] 2024-09-21
      ✅ Chengdu Rongcheng 2-1 Shanghai Port
         ⏰19:35 | 👨‍💼Seo Jung-won | 🎯Jansen Mehmetja..
[27/30] 2024-09-28
      ✅ Nantong Zhiyun 0-1 Shanghai Port
         ⏰19:35 | 👨‍💼David Patrício | 🎯Chunqi Tang
[28/30] 2024-10-18
      ✅ Shanghai Port 1-2 Beijing Guoan
         ⏰19:35 | 👨‍💼Javier Pereira | 🎯Zhang Lei
[29/30] 2024-10-27
      ✅ Shanghai Port 1-1 Shandong Taishan
         ⏰15:30 | 👨‍💼Javier Pereira | 🎯Jansen Mehmetja..
[30/30] 2024-11-02
      ✅ Dalian Professional 2-3 Shanghai Port
         ⏰15:30 | 👨‍💼Xie Hui | 🎯Shi Zhenlu

======================================================================
✅ 批量处理完成
======================================================================
✓ 成功: 30 / 30
✓ 事件总数: 499个

📁 保存位置: data/match-reports-2024/

======================================================================

